MPLINK 4.41, Linker
Linker Map File - Created Fri Dec 15 12:31:56 2017

                                 Section Info
                  Section       Type    Address   Location Size(Bytes)
                ---------  ---------  ---------  ---------  ---------
                   .org_0       code   0x000000    program   0x000002
                   .cinit    romdata   0x000001    program   0x000004
                   .org_1       code   0x000004    program   0x0006e0



                              Program Memory Usage 
                               Start         End      
                           ---------   ---------      
                            0x000000    0x000002      
                            0x000004    0x000373      
            883 out of 8454 program addresses used, program memory utilization is 10%



                              Symbols - Sorted by Name
                     Name    Address   Location    Storage File                     
                ---------  ---------  ---------  --------- ---------                
                   ANL_GO   0x000077    program     static D:\Git\QuadraThermometer\main.asm
                  ANL_MOD   0x000070    program     static D:\Git\QuadraThermometer\main.asm
                   A_INTR   0x00007a    program     static D:\Git\QuadraThermometer\main.asm
                   BEEP_1   0x000149    program     static D:\Git\QuadraThermometer\main.asm
                   BEEP_2   0x000150    program     static D:\Git\QuadraThermometer\main.asm
                   BEEP_3   0x000157    program     static D:\Git\QuadraThermometer\main.asm
                   BEEP_4   0x00015f    program     static D:\Git\QuadraThermometer\main.asm
                BEEP_MAIN   0x00013c    program     static D:\Git\QuadraThermometer\main.asm
               BEEP_MAIN1   0x000141    program     static D:\Git\QuadraThermometer\main.asm
               BEEP_MAIN2   0x000142    program     static D:\Git\QuadraThermometer\main.asm
                 BEEP_MOD   0x000086    program     static D:\Git\QuadraThermometer\main.asm
                BEEP_SWT2   0x00012f    program     static D:\Git\QuadraThermometer\main.asm
                  BTD_MOD   0x000082    program     static D:\Git\QuadraThermometer\main.asm
                     BT_1   0x000338    program     static D:\Git\QuadraThermometer\main.asm
           BT_1_CLOCKMODY   0x000359    program     static D:\Git\QuadraThermometer\main.asm
        BT_1_COMMON_CLOCK   0x000353    program     static D:\Git\QuadraThermometer\main.asm
         BT_1_COMMON_THER   0x000349    program     static D:\Git\QuadraThermometer\main.asm
            BT_1_LAPCHECK   0x00035f    program     static D:\Git\QuadraThermometer\main.asm
                     BT_2   0x00033f    program     static D:\Git\QuadraThermometer\main.asm
           BT_2_CLOCKMODY   0x000360    program     static D:\Git\QuadraThermometer\main.asm
                     BT_3   0x000342    program     static D:\Git\QuadraThermometer\main.asm
           BT_3_CLOCKMODY   0x00036c    program     static D:\Git\QuadraThermometer\main.asm
       BT_3_CLOCKMODY_END   0x000370    program     static D:\Git\QuadraThermometer\main.asm
        BT_3_COMMON_CLOCK   0x000368    program     static D:\Git\QuadraThermometer\main.asm
         BT_3_COMMON_THER   0x000366    program     static D:\Git\QuadraThermometer\main.asm
            BT_3_LAPCHECK   0x000373    program     static D:\Git\QuadraThermometer\main.asm
                 BT_CHECK   0x0000fd    program     static D:\Git\QuadraThermometer\main.asm
                  BT_LOOP   0x0000f8    program     static D:\Git\QuadraThermometer\main.asm
                 BT_LOOP1   0x000103    program     static D:\Git\QuadraThermometer\main.asm
                 BT_LOOP2   0x00010b    program     static D:\Git\QuadraThermometer\main.asm
                 BT_LOOP3   0x000113    program     static D:\Git\QuadraThermometer\main.asm
              BT_LOOP_END   0x00011b    program     static D:\Git\QuadraThermometer\main.asm
            BUZZ_BEEP_MOD   0x000129    program     static D:\Git\QuadraThermometer\main.asm
                 BUZZ_CTR   0x00011e    program     static D:\Git\QuadraThermometer\main.asm
                 BUZZ_OFF   0x000127    program     static D:\Git\QuadraThermometer\main.asm
                  BUZZ_ON   0x000125    program     static D:\Git\QuadraThermometer\main.asm
            CHECK_NEXTLAP   0x0002b2    program     static D:\Git\QuadraThermometer\main.asm
                  CK_LOOP   0x0000cc    program     static D:\Git\QuadraThermometer\main.asm
                CK_LOOP_2   0x0000ed    program     static D:\Git\QuadraThermometer\main.asm
                CK_LOOP_S   0x0000c3    program     static D:\Git\QuadraThermometer\main.asm
               CK_LOOP_S2   0x0000ca    program     static D:\Git\QuadraThermometer\main.asm
                   CK_LPS   0x0000b4    program     static D:\Git\QuadraThermometer\main.asm
               CLEAR_BEEP   0x000147    program     static D:\Git\QuadraThermometer\main.asm
            CLEAR_BEEPTEM   0x00013a    program     static D:\Git\QuadraThermometer\main.asm
      CLOCKMODY_DECF_HOUR   0x000294    program     static D:\Git\QuadraThermometer\main.asm
       CLOCKMODY_DECF_MIN   0x000283    program     static D:\Git\QuadraThermometer\main.asm
      CLOCKMODY_INCF_HOUR   0x000273    program     static D:\Git\QuadraThermometer\main.asm
       CLOCKMODY_INCF_MIN   0x000265    program     static D:\Git\QuadraThermometer\main.asm
      CLOCKMODY_RESET_SEC   0x000262    program     static D:\Git\QuadraThermometer\main.asm
            CLOCK_TO_THER   0x0002af    program     static D:\Git\QuadraThermometer\main.asm
              C_INCF_HR_2   0x00027b    program     static D:\Git\QuadraThermometer\main.asm
               DEFAULT_ST   0x00009f    program     static D:\Git\QuadraThermometer\main.asm
                     DISP   0x000022    program     static D:\Git\QuadraThermometer\main.asm
                    DISP1   0x000031    program     static D:\Git\QuadraThermometer\main.asm
                    DISP2   0x00003c    program     static D:\Git\QuadraThermometer\main.asm
                    DISP3   0x000047    program     static D:\Git\QuadraThermometer\main.asm
                    DISP4   0x000052    program     static D:\Git\QuadraThermometer\main.asm
           DISPBF_CONTROL   0x0002c0    program     static D:\Git\QuadraThermometer\main.asm
         DISP_CHECK_CLOCK   0x000315    program     static D:\Git\QuadraThermometer\main.asm
      DISP_CHECK_CLOCK_HM   0x000319    program     static D:\Git\QuadraThermometer\main.asm
      DISP_CHECK_CLOCK_MS   0x000322    program     static D:\Git\QuadraThermometer\main.asm
          DISP_CHECK_THER   0x00032b    program     static D:\Git\QuadraThermometer\main.asm
           DISP_CLOCKMODY   0x0002f3    program     static D:\Git\QuadraThermometer\main.asm
      DISP_CLOCKMODY_HOUR   0x000303    program     static D:\Git\QuadraThermometer\main.asm
       DISP_CLOCKMODY_SEC   0x000306    program     static D:\Git\QuadraThermometer\main.asm
        DISP_COMMON_CLOCK   0x0002ce    program     static D:\Git\QuadraThermometer\main.asm
     DISP_COMMON_CLOCK_HM   0x0002d3    program     static D:\Git\QuadraThermometer\main.asm
     DISP_COMMON_CLOCK_MS   0x0002dc    program     static D:\Git\QuadraThermometer\main.asm
         DISP_COMMON_THER   0x0002e5    program     static D:\Git\QuadraThermometer\main.asm
            DISP_LAPCHECK   0x000311    program     static D:\Git\QuadraThermometer\main.asm
                 DISP_LED   0x00005c    program     static D:\Git\QuadraThermometer\main.asm
                DOT_1_OFF   0x000212    program     static D:\Git\QuadraThermometer\main.asm
                 DOT_1_ON   0x000214    program     static D:\Git\QuadraThermometer\main.asm
           DOT_1_ON_BLINK   0x00020f    program     static D:\Git\QuadraThermometer\main.asm
                DOT_2_OFF   0x000219    program     static D:\Git\QuadraThermometer\main.asm
                 DOT_2_ON   0x00021b    program     static D:\Git\QuadraThermometer\main.asm
           DOT_2_ON_BLINK   0x000216    program     static D:\Git\QuadraThermometer\main.asm
                DOT_3_OFF   0x000220    program     static D:\Git\QuadraThermometer\main.asm
                 DOT_3_ON   0x000222    program     static D:\Git\QuadraThermometer\main.asm
           DOT_3_ON_BLINK   0x00021d    program     static D:\Git\QuadraThermometer\main.asm
                DOT_4_OFF   0x000227    program     static D:\Git\QuadraThermometer\main.asm
                 DOT_4_ON   0x000229    program     static D:\Git\QuadraThermometer\main.asm
           DOT_4_ON_BLINK   0x000224    program     static D:\Git\QuadraThermometer\main.asm
                 DOT_LOOP   0x0000b9    program     static D:\Git\QuadraThermometer\main.asm
                D_10HR_ZF   0x0002a2    program     static D:\Git\QuadraThermometer\main.asm
               D_10MIN_ZF   0x00028f    program     static D:\Git\QuadraThermometer\main.asm
                 D_1HR_ZF   0x00029a    program     static D:\Git\QuadraThermometer\main.asm
                D_1MIN_ZF   0x000288    program     static D:\Git\QuadraThermometer\main.asm
                   D_CONV   0x000010    program     static D:\Git\QuadraThermometer\main.asm
              HM_CONV_SET   0x000357    program     static D:\Git\QuadraThermometer\main.asm
                LAP_ENDED   0x0002be    program     static D:\Git\QuadraThermometer\main.asm
                 LAP_LAST   0x0002bc    program     static D:\Git\QuadraThermometer\main.asm
            LAP_PLUS_OVER   0x000351    program     static D:\Git\QuadraThermometer\main.asm
                  LAP_POP   0x00024a    program     static D:\Git\QuadraThermometer\main.asm
                  LAP_REG   0x000235    program     static D:\Git\QuadraThermometer\main.asm
               LOOP_START   0x0000b4    program     static D:\Git\QuadraThermometer\main.asm
                   L_LOOP   0x00011b    program     static D:\Git\QuadraThermometer\main.asm
                MODE_CONV   0x0002aa    program     static D:\Git\QuadraThermometer\main.asm
                POP_STACK   0x000231    program     static D:\Git\QuadraThermometer\main.asm
               PUSH_STACK   0x00022e    program     static D:\Git\QuadraThermometer\main.asm
                   P_CONV   0x000069    program     static D:\Git\QuadraThermometer\main.asm
                  RST_FSR   0x00022b    program     static D:\Git\QuadraThermometer\main.asm
                 START_UP   0x00008b    program     static D:\Git\QuadraThermometer\main.asm
                   THLOOP   0x0000f6    program     static D:\Git\QuadraThermometer\main.asm
                  TH_CALC   0x0001fa    program     static D:\Git\QuadraThermometer\main.asm
             TH_CALC_LOOP   0x0001fd    program     static D:\Git\QuadraThermometer\main.asm
               TH_CONTROL   0x000167    program     static D:\Git\QuadraThermometer\main.asm
                TH_CONT_0   0x000177    program     static D:\Git\QuadraThermometer\main.asm
                TH_CONT_1   0x000182    program     static D:\Git\QuadraThermometer\main.asm
                TH_CONT_2   0x00018e    program     static D:\Git\QuadraThermometer\main.asm
                TH_CONT_3   0x000199    program     static D:\Git\QuadraThermometer\main.asm
                TH_CONT_4   0x0001a5    program     static D:\Git\QuadraThermometer\main.asm
                TH_CONT_5   0x0001b0    program     static D:\Git\QuadraThermometer\main.asm
                TH_CONT_6   0x0001bc    program     static D:\Git\QuadraThermometer\main.asm
                TH_CONT_7   0x0001c7    program     static D:\Git\QuadraThermometer\main.asm
                    XLOOP   0x0000f5    program     static D:\Git\QuadraThermometer\main.asm
                XLOOP_END   0x0000f6    program     static D:\Git\QuadraThermometer\main.asm



                              Symbols - Sorted by Address
                     Name    Address   Location    Storage File                     
                ---------  ---------  ---------  --------- ---------                
                   D_CONV   0x000010    program     static D:\Git\QuadraThermometer\main.asm
                     DISP   0x000022    program     static D:\Git\QuadraThermometer\main.asm
                    DISP1   0x000031    program     static D:\Git\QuadraThermometer\main.asm
                    DISP2   0x00003c    program     static D:\Git\QuadraThermometer\main.asm
                    DISP3   0x000047    program     static D:\Git\QuadraThermometer\main.asm
                    DISP4   0x000052    program     static D:\Git\QuadraThermometer\main.asm
                 DISP_LED   0x00005c    program     static D:\Git\QuadraThermometer\main.asm
                   P_CONV   0x000069    program     static D:\Git\QuadraThermometer\main.asm
                  ANL_MOD   0x000070    program     static D:\Git\QuadraThermometer\main.asm
                   ANL_GO   0x000077    program     static D:\Git\QuadraThermometer\main.asm
                   A_INTR   0x00007a    program     static D:\Git\QuadraThermometer\main.asm
                  BTD_MOD   0x000082    program     static D:\Git\QuadraThermometer\main.asm
                 BEEP_MOD   0x000086    program     static D:\Git\QuadraThermometer\main.asm
                 START_UP   0x00008b    program     static D:\Git\QuadraThermometer\main.asm
               DEFAULT_ST   0x00009f    program     static D:\Git\QuadraThermometer\main.asm
               LOOP_START   0x0000b4    program     static D:\Git\QuadraThermometer\main.asm
                   CK_LPS   0x0000b4    program     static D:\Git\QuadraThermometer\main.asm
                 DOT_LOOP   0x0000b9    program     static D:\Git\QuadraThermometer\main.asm
                CK_LOOP_S   0x0000c3    program     static D:\Git\QuadraThermometer\main.asm
               CK_LOOP_S2   0x0000ca    program     static D:\Git\QuadraThermometer\main.asm
                  CK_LOOP   0x0000cc    program     static D:\Git\QuadraThermometer\main.asm
                CK_LOOP_2   0x0000ed    program     static D:\Git\QuadraThermometer\main.asm
                    XLOOP   0x0000f5    program     static D:\Git\QuadraThermometer\main.asm
                   THLOOP   0x0000f6    program     static D:\Git\QuadraThermometer\main.asm
                XLOOP_END   0x0000f6    program     static D:\Git\QuadraThermometer\main.asm
                  BT_LOOP   0x0000f8    program     static D:\Git\QuadraThermometer\main.asm
                 BT_CHECK   0x0000fd    program     static D:\Git\QuadraThermometer\main.asm
                 BT_LOOP1   0x000103    program     static D:\Git\QuadraThermometer\main.asm
                 BT_LOOP2   0x00010b    program     static D:\Git\QuadraThermometer\main.asm
                 BT_LOOP3   0x000113    program     static D:\Git\QuadraThermometer\main.asm
                   L_LOOP   0x00011b    program     static D:\Git\QuadraThermometer\main.asm
              BT_LOOP_END   0x00011b    program     static D:\Git\QuadraThermometer\main.asm
                 BUZZ_CTR   0x00011e    program     static D:\Git\QuadraThermometer\main.asm
                  BUZZ_ON   0x000125    program     static D:\Git\QuadraThermometer\main.asm
                 BUZZ_OFF   0x000127    program     static D:\Git\QuadraThermometer\main.asm
            BUZZ_BEEP_MOD   0x000129    program     static D:\Git\QuadraThermometer\main.asm
                BEEP_SWT2   0x00012f    program     static D:\Git\QuadraThermometer\main.asm
            CLEAR_BEEPTEM   0x00013a    program     static D:\Git\QuadraThermometer\main.asm
                BEEP_MAIN   0x00013c    program     static D:\Git\QuadraThermometer\main.asm
               BEEP_MAIN1   0x000141    program     static D:\Git\QuadraThermometer\main.asm
               BEEP_MAIN2   0x000142    program     static D:\Git\QuadraThermometer\main.asm
               CLEAR_BEEP   0x000147    program     static D:\Git\QuadraThermometer\main.asm
                   BEEP_1   0x000149    program     static D:\Git\QuadraThermometer\main.asm
                   BEEP_2   0x000150    program     static D:\Git\QuadraThermometer\main.asm
                   BEEP_3   0x000157    program     static D:\Git\QuadraThermometer\main.asm
                   BEEP_4   0x00015f    program     static D:\Git\QuadraThermometer\main.asm
               TH_CONTROL   0x000167    program     static D:\Git\QuadraThermometer\main.asm
                TH_CONT_0   0x000177    program     static D:\Git\QuadraThermometer\main.asm
                TH_CONT_1   0x000182    program     static D:\Git\QuadraThermometer\main.asm
                TH_CONT_2   0x00018e    program     static D:\Git\QuadraThermometer\main.asm
                TH_CONT_3   0x000199    program     static D:\Git\QuadraThermometer\main.asm
                TH_CONT_4   0x0001a5    program     static D:\Git\QuadraThermometer\main.asm
                TH_CONT_5   0x0001b0    program     static D:\Git\QuadraThermometer\main.asm
                TH_CONT_6   0x0001bc    program     static D:\Git\QuadraThermometer\main.asm
                TH_CONT_7   0x0001c7    program     static D:\Git\QuadraThermometer\main.asm
                  TH_CALC   0x0001fa    program     static D:\Git\QuadraThermometer\main.asm
             TH_CALC_LOOP   0x0001fd    program     static D:\Git\QuadraThermometer\main.asm
           DOT_1_ON_BLINK   0x00020f    program     static D:\Git\QuadraThermometer\main.asm
                DOT_1_OFF   0x000212    program     static D:\Git\QuadraThermometer\main.asm
                 DOT_1_ON   0x000214    program     static D:\Git\QuadraThermometer\main.asm
           DOT_2_ON_BLINK   0x000216    program     static D:\Git\QuadraThermometer\main.asm
                DOT_2_OFF   0x000219    program     static D:\Git\QuadraThermometer\main.asm
                 DOT_2_ON   0x00021b    program     static D:\Git\QuadraThermometer\main.asm
           DOT_3_ON_BLINK   0x00021d    program     static D:\Git\QuadraThermometer\main.asm
                DOT_3_OFF   0x000220    program     static D:\Git\QuadraThermometer\main.asm
                 DOT_3_ON   0x000222    program     static D:\Git\QuadraThermometer\main.asm
           DOT_4_ON_BLINK   0x000224    program     static D:\Git\QuadraThermometer\main.asm
                DOT_4_OFF   0x000227    program     static D:\Git\QuadraThermometer\main.asm
                 DOT_4_ON   0x000229    program     static D:\Git\QuadraThermometer\main.asm
                  RST_FSR   0x00022b    program     static D:\Git\QuadraThermometer\main.asm
               PUSH_STACK   0x00022e    program     static D:\Git\QuadraThermometer\main.asm
                POP_STACK   0x000231    program     static D:\Git\QuadraThermometer\main.asm
                  LAP_REG   0x000235    program     static D:\Git\QuadraThermometer\main.asm
                  LAP_POP   0x00024a    program     static D:\Git\QuadraThermometer\main.asm
      CLOCKMODY_RESET_SEC   0x000262    program     static D:\Git\QuadraThermometer\main.asm
       CLOCKMODY_INCF_MIN   0x000265    program     static D:\Git\QuadraThermometer\main.asm
      CLOCKMODY_INCF_HOUR   0x000273    program     static D:\Git\QuadraThermometer\main.asm
              C_INCF_HR_2   0x00027b    program     static D:\Git\QuadraThermometer\main.asm
       CLOCKMODY_DECF_MIN   0x000283    program     static D:\Git\QuadraThermometer\main.asm
                D_1MIN_ZF   0x000288    program     static D:\Git\QuadraThermometer\main.asm
               D_10MIN_ZF   0x00028f    program     static D:\Git\QuadraThermometer\main.asm
      CLOCKMODY_DECF_HOUR   0x000294    program     static D:\Git\QuadraThermometer\main.asm
                 D_1HR_ZF   0x00029a    program     static D:\Git\QuadraThermometer\main.asm
                D_10HR_ZF   0x0002a2    program     static D:\Git\QuadraThermometer\main.asm
                MODE_CONV   0x0002aa    program     static D:\Git\QuadraThermometer\main.asm
            CLOCK_TO_THER   0x0002af    program     static D:\Git\QuadraThermometer\main.asm
            CHECK_NEXTLAP   0x0002b2    program     static D:\Git\QuadraThermometer\main.asm
                 LAP_LAST   0x0002bc    program     static D:\Git\QuadraThermometer\main.asm
                LAP_ENDED   0x0002be    program     static D:\Git\QuadraThermometer\main.asm
           DISPBF_CONTROL   0x0002c0    program     static D:\Git\QuadraThermometer\main.asm
        DISP_COMMON_CLOCK   0x0002ce    program     static D:\Git\QuadraThermometer\main.asm
     DISP_COMMON_CLOCK_HM   0x0002d3    program     static D:\Git\QuadraThermometer\main.asm
     DISP_COMMON_CLOCK_MS   0x0002dc    program     static D:\Git\QuadraThermometer\main.asm
         DISP_COMMON_THER   0x0002e5    program     static D:\Git\QuadraThermometer\main.asm
           DISP_CLOCKMODY   0x0002f3    program     static D:\Git\QuadraThermometer\main.asm
      DISP_CLOCKMODY_HOUR   0x000303    program     static D:\Git\QuadraThermometer\main.asm
       DISP_CLOCKMODY_SEC   0x000306    program     static D:\Git\QuadraThermometer\main.asm
            DISP_LAPCHECK   0x000311    program     static D:\Git\QuadraThermometer\main.asm
         DISP_CHECK_CLOCK   0x000315    program     static D:\Git\QuadraThermometer\main.asm
      DISP_CHECK_CLOCK_HM   0x000319    program     static D:\Git\QuadraThermometer\main.asm
      DISP_CHECK_CLOCK_MS   0x000322    program     static D:\Git\QuadraThermometer\main.asm
          DISP_CHECK_THER   0x00032b    program     static D:\Git\QuadraThermometer\main.asm
                     BT_1   0x000338    program     static D:\Git\QuadraThermometer\main.asm
                     BT_2   0x00033f    program     static D:\Git\QuadraThermometer\main.asm
                     BT_3   0x000342    program     static D:\Git\QuadraThermometer\main.asm
         BT_1_COMMON_THER   0x000349    program     static D:\Git\QuadraThermometer\main.asm
            LAP_PLUS_OVER   0x000351    program     static D:\Git\QuadraThermometer\main.asm
        BT_1_COMMON_CLOCK   0x000353    program     static D:\Git\QuadraThermometer\main.asm
              HM_CONV_SET   0x000357    program     static D:\Git\QuadraThermometer\main.asm
           BT_1_CLOCKMODY   0x000359    program     static D:\Git\QuadraThermometer\main.asm
            BT_1_LAPCHECK   0x00035f    program     static D:\Git\QuadraThermometer\main.asm
           BT_2_CLOCKMODY   0x000360    program     static D:\Git\QuadraThermometer\main.asm
         BT_3_COMMON_THER   0x000366    program     static D:\Git\QuadraThermometer\main.asm
        BT_3_COMMON_CLOCK   0x000368    program     static D:\Git\QuadraThermometer\main.asm
           BT_3_CLOCKMODY   0x00036c    program     static D:\Git\QuadraThermometer\main.asm
       BT_3_CLOCKMODY_END   0x000370    program     static D:\Git\QuadraThermometer\main.asm
            BT_3_LAPCHECK   0x000373    program     static D:\Git\QuadraThermometer\main.asm


